QA output created by 006
using backend farm store
check whether all nodes have the same cluster info
