QA output created by 007
using backend farm store
using backend farm store
success
