QA output created by 020
using backend farm store
