QA output created by 022
using backend farm store
creating a VDI should fail without data nodes available
Failed to create VDI test: IO has halted as there are too few living nodes
