QA output created by 023
using backend farm store
comparing cluster info for all sheep.  Should be the same
