QA output created by 026
using backend farm store
42
