QA output created by 027
using backend farm store
/tmp/sheepdog/0/obj/80fd32fc00000000
/tmp/sheepdog/3/obj/80fd32fc00000000
/tmp/sheepdog/1/obj/80fd32fc00000000
