QA output created by 030
using backend farm store
Index		Snapshot Time
1		DATE
2		DATE
Cluster restore to the snapshot 2
Cluster restore to the snapshot 1
