QA output created by 050
using backend farm store
fallback done
finish check&repair test
