QA output created by 057
using backend farm store
Id	Used	Free	Path
0 32 MB MASKED GB STORE/0/d0
1 32 MB MASKED GB STORE/0/d1
2 40 MB MASKED GB STORE/0/d2
Id	Used	Free	Path
0 4.0 MB MASKED GB STORE/0/d0
1 20 MB MASKED GB STORE/0/d1
2 28 MB MASKED GB STORE/0/d2
3 20 MB MASKED GB STORE/0/d3
4 24 MB MASKED GB STORE/0/d4
finish check&repair test
Cluster status: running

Cluster created at DATE

Epoch Time           Version
DATE      2 [127.0.0.1:7000, 127.0.0.1:7001, 127.0.0.1:7002, 127.0.0.1:7003]
DATE      1 [127.0.0.1:7000, 127.0.0.1:7001, 127.0.0.1:7002]
Failed to execute request, look for sheep.log for more information
Nodes In Recovery:
  Id   Host:Port         V-Nodes       Zone
Id	Used	Free	Path
0 4.0 MB MASKED GB STORE/0/d0
1 20 MB MASKED GB STORE/0/d1
2 28 MB MASKED GB STORE/0/d2
3 20 MB MASKED GB STORE/0/d3
4 24 MB MASKED GB STORE/0/d4
Id	Used	Free	Path
0 28 MB MASKED GB STORE/0/d2
1 32 MB MASKED GB STORE/0/d3
2 36 MB MASKED GB STORE/0/d4
finish check&repair test
Cluster status: running

Cluster created at DATE

Epoch Time           Version
DATE      2 [127.0.0.1:7000, 127.0.0.1:7001, 127.0.0.1:7002, 127.0.0.1:7003]
DATE      1 [127.0.0.1:7000, 127.0.0.1:7001, 127.0.0.1:7002]
Failed to execute request, look for sheep.log for more information
Nodes In Recovery:
  Id   Host:Port         V-Nodes       Zone
Id	Used	Free	Path
0 28 MB MASKED GB STORE/0/d2
1 32 MB MASKED GB STORE/0/d3
2 36 MB MASKED GB STORE/0/d4
Cluster status: running

Cluster created at DATE

Epoch Time           Version
DATE      2 [127.0.0.1:7000, 127.0.0.1:7001, 127.0.0.1:7002, 127.0.0.1:7003]
DATE      1 [127.0.0.1:7000, 127.0.0.1:7001, 127.0.0.1:7002]
