QA output created by 012
check the number of vnodes
  Id   Host:Port         V-Nodes       Zone
   0   127.0.0.1:7000      	128          0
   1   127.0.0.1:7001      	128          1
   2   127.0.0.1:7002      	128          2
   3   127.0.0.1:7004      	 0          4
