QA output created by 054
using backend plain store
Cluster status: running, auto-recovery enabled

Cluster created at DATE

Epoch Time           Version [Host:Port:V-Nodes,,,]
DATE      1 [127.0.0.1:7000:42, 127.0.0.1:7001:85, 127.0.0.1:7002:128, 127.0.0.1:7003:128, 127.0.0.1:7004:171, 127.0.0.1:7005:214]
Cluster status: running, auto-recovery enabled

Cluster created at DATE

Epoch Time           Version [Host:Port:V-Nodes,,,]
DATE      2 [127.0.0.1:7000:37, 127.0.0.1:7001:74, 127.0.0.1:7002:112, 127.0.0.1:7003:112, 127.0.0.1:7004:149, 127.0.0.1:7005:187, 127.0.0.1:7006:224]
DATE      1 [127.0.0.1:7000:42, 127.0.0.1:7001:85, 127.0.0.1:7002:128, 127.0.0.1:7003:128, 127.0.0.1:7004:171, 127.0.0.1:7005:214]
0
