QA output created by 064
using backend plain store
STORE	DATA	VDI	VMSTATE	ATTR	LEDGER	STALE
0	12	0	0	0	0	0
1	16	1	0	0	0	0
2	22	1	0	0	0	0
3	0	0	0	0	0	0
  Id   Host:Port         V-Nodes       Zone
   0   127.0.0.1:7000      	95          0
   1   127.0.0.1:7001      	95          1
   2   127.0.0.1:7002      	193          2
STORE	DATA	VDI	VMSTATE	ATTR	LEDGER	STALE
0	7	0	0	0	0	0
1	16	1	0	0	0	0
2	22	1	0	0	0	0
3	5	0	0	0	0	0
  Id   Host:Port         V-Nodes       Zone
   0   127.0.0.1:7000      	95          0
   1   127.0.0.1:7001      	95          1
   2   127.0.0.1:7002      	193          2
STORE	DATA	VDI	VMSTATE	ATTR	LEDGER	STALE
0	10	0	0	0	0	0
1	25	1	0	0	0	0
3	15	1	0	0	0	0
  Id   Host:Port         V-Nodes       Zone
   0   127.0.0.1:7000      	171          0
   1   127.0.0.1:7001      	85          1
STORE	DATA	VDI	VMSTATE	ATTR	LEDGER	STALE
0	8	0	0	0	0	0
1	16	1	0	0	0	0
2	20	1	0	0	0	0
3	6	0	0	0	0	0
  Id   Host:Port         V-Nodes       Zone
   0   127.0.0.1:7000      	153          0
   1   127.0.0.1:7001      	76          1
   2   127.0.0.1:7002      	155          2
Cluster status: running, auto-recovery enabled

Cluster created at DATE

Epoch Time           Version [Host:Port:V-Nodes,,,]
DATE      4 [127.0.0.1:7000:153, 127.0.0.1:7001:76, 127.0.0.1:7002:155]
DATE      3 [127.0.0.1:7000:171, 127.0.0.1:7001:85]
DATE      2 [127.0.0.1:7000:153, 127.0.0.1:7001:76, 127.0.0.1:7002:155]
DATE      1 [127.0.0.1:7000:95, 127.0.0.1:7001:95, 127.0.0.1:7002:193]
