QA output created by 073
using backend plain store
Cluster status: running, auto-recovery enabled

Cluster created at DATE

Epoch Time           Version [Host:Port:V-Nodes,,,]
DATE      1 [127.0.0.1:7000:128, 127.0.0.1:7001:128, 127.0.0.1:7002:128]
  Name        Id    Size    Used  Shared    Creation time   VDI id  Copies  Tag
  test         0  4.0 MB  0.0 MB  0.0 MB DATE   7c2b25      3              
hello
