QA output created by 074
using backend plain store
finish check&repair test0
finish check&repair test1
finish check&repair test2
finish check&repair test3
finish check&repair test4
finish check&repair test5
finish check&repair test6
finish check&repair test7
finish check&repair test8
finish check&repair test9
