QA output created by 082
using backend plain store
dog
sheep
checker.c
common.c
config.c
corosync.c
data1
data10
data11
data12
data2
data3
data4
data5
data6
data7
data8
data9
fs.c
gateway.c
graph.c
group.c
http.c
journal.c
kv.c
local.c
md.c
migrate.c
mount.c
nfs.c
nfsd.c
oalloc.c
object_list_cache.c
ops.c
plain_store.c
recovery.c
request.c
request_tp.c
s3.c
sheep.c
shepherd.c
swift.c
trace.c
tree_store.c
vdi.c
xdr.c
xio_client.c
xio_server.c
zookeeper.c
benchmark.c
cluster.c
common.c
dog.c
farm.c
nfs.c
node.c
object_tree.c
sha1_file.c
slice.c
snap.c
trace.c
treeview.c
trunk.c
upgrade.c
vdi.c
  Name        Id    Size    Used  Shared    Creation time   VDI id  Copies  Tag   Block Size Shift
  sd/dog       0   16 PB   64 MB  0.0 MB DATE   5a5cbf    4:2                22
  sd           0   16 PB  8.0 MB  0.0 MB DATE   7927f2    4:2                22
  sd/sheep     0   16 PB  188 MB  0.0 MB DATE   8ad11e    4:2                22
  sd/dog/allocator     0   16 PB  4.0 MB  0.0 MB DATE   936d95    4:2                22
  sd/sheep/allocator     0   16 PB  316 MB  0.0 MB DATE   fd57fc    4:2                22
data1
data10
data11
data12
data2
data3
data4
data5
data6
data7
data8
data9
  Name        Id    Size    Used  Shared    Creation time   VDI id  Copies  Tag   Block Size Shift
  sd/dog       0   16 PB   64 MB  0.0 MB DATE   5a5cbf    4:2                22
  sd           0   16 PB  8.0 MB  0.0 MB DATE   7927f2    4:2                22
  sd/sheep     0   16 PB  188 MB  0.0 MB DATE   8ad11e    4:2                22
  sd/dog/allocator     0   16 PB  4.0 MB  0.0 MB DATE   936d95    4:2                22
  sd/sheep/allocator     0   16 PB  316 MB  0.0 MB DATE   fd57fc    4:2                22
dog
sheep
  Name        Id    Size    Used  Shared    Creation time   VDI id  Copies  Tag   Block Size Shift
  sd/dog       0   16 PB   64 MB  0.0 MB DATE   5a5cbf    4:2                22
  sd           0   16 PB  8.0 MB  0.0 MB DATE   7927f2    4:2                22
  sd/sheep     0   16 PB  188 MB  0.0 MB DATE   8ad11e    4:2                22
  sd/dog/allocator     0   16 PB  4.0 MB  0.0 MB DATE   936d95    4:2                22
  sd/sheep/allocator     0   16 PB  4.0 MB  0.0 MB DATE   fd57fc    4:2                22
