QA output created by 084
using backend plain store
