QA output created by 087
using backend plain store
200
200
  Name        Id    Size    Used  Shared    Creation time   VDI id  Copies  Tag   Block Size Shift
  sd           0   16 PB  4.0 MB  0.0 MB DATE   7927f2    4:2                22
  sd/sheep     0   16 PB  8.0 MB  0.0 MB DATE   8ad11e    4:2                22
  sd/sheep/allocator     0   16 PB  388 MB  0.0 MB DATE   fd57fc    4:2                22
  Name        Id    Size    Used  Shared    Creation time   VDI id  Copies  Tag   Block Size Shift
  sd           0   16 PB  4.0 MB  0.0 MB DATE   7927f2    4:2                22
  sd/sheep     0   16 PB  8.0 MB  0.0 MB DATE   8ad11e    4:2                22
  sd/sheep/allocator     0   16 PB  4.0 MB  0.0 MB DATE   fd57fc    4:2                22
409
409
409
409
409
data_
  Name        Id    Size    Used  Shared    Creation time   VDI id  Copies  Tag   Block Size Shift
  sd           0   16 PB  4.0 MB  0.0 MB DATE   7927f2    4:2                22
  sd/sheep     0   16 PB   12 MB  0.0 MB DATE   8ad11e    4:2                22
  sd/sheep/allocator     0   16 PB  4.0 MB  0.0 MB DATE   fd57fc    4:2                22
  Name        Id    Size    Used  Shared    Creation time   VDI id  Copies  Tag   Block Size Shift
  sd           0   16 PB  4.0 MB  0.0 MB DATE   7927f2    4:2                22
  sd/sheep     0   16 PB   12 MB  0.0 MB DATE   8ad11e    4:2                22
  sd/sheep/allocator     0   16 PB  4.0 MB  0.0 MB DATE   fd57fc    4:2                22
  Name        Id    Size    Used  Shared    Creation time   VDI id  Copies  Tag   Block Size Shift
  sd           0   16 PB  4.0 MB  0.0 MB DATE   7927f2    4:2                22
  sd/sheep     0   16 PB   12 MB  0.0 MB DATE   8ad11e    4:2                22
  sd/sheep/allocator     0   16 PB  4.0 MB  0.0 MB DATE   fd57fc    4:2                22
