QA output created by 090
using backend plain store
  Name        Id    Size    Used  Shared    Creation time   VDI id  Copies  Tag
  sd/dog       0   16 PB  0.0 MB  0.0 MB DATE   5a5cbf    4:2              
  sd           0   16 PB  8.0 MB  0.0 MB DATE   7927f2    4:2              
  sd/sheep     0   16 PB  4.0 MB  0.0 MB DATE   8ad11e    4:2              
  sd/dog/allocator     0   16 PB  4.0 MB  0.0 MB DATE   936d95    4:2              
  sd/sheep/allocator     0   16 PB   32 MB  0.0 MB DATE   fd57fc    4:2              
  Name        Id    Size    Used  Shared    Creation time   VDI id  Copies  Tag
  sd/dog       0   16 PB  0.0 MB  0.0 MB DATE   5a5cbf    4:2              
  sd           0   16 PB  8.0 MB  0.0 MB DATE   7927f2    4:2              
  sd/sheep     0   16 PB  8.0 MB  0.0 MB DATE   8ad11e    4:2              
  sd/dog/allocator     0   16 PB  4.0 MB  0.0 MB DATE   936d95    4:2              
  sd/sheep/allocator     0   16 PB   44 MB  0.0 MB DATE   fd57fc    4:2              
  Name        Id    Size    Used  Shared    Creation time   VDI id  Copies  Tag
  sd/dog       0   16 PB  0.0 MB  0.0 MB DATE   5a5cbf    4:2              
  sd           0   16 PB  8.0 MB  0.0 MB DATE   7927f2    4:2              
  sd/sheep     0   16 PB   12 MB  0.0 MB DATE   8ad11e    4:2              
  sd/dog/allocator     0   16 PB  4.0 MB  0.0 MB DATE   936d95    4:2              
  sd/sheep/allocator     0   16 PB   92 MB  0.0 MB DATE   fd57fc    4:2              
