QA output created by 091
using backend plain store
  Name        Id    Size    Used  Shared    Creation time   VDI id  Copies  Tag   Block Size Shift
  test         0  100 MB  100 MB  0.0 MB DATE   7c2b25    8:4                22
  Name        Id    Size    Used  Shared    Creation time   VDI id  Copies  Tag   Block Size Shift
  test         0  100 MB  100 MB  0.0 MB DATE   7c2b25    8:4                22
