QA output created by 094
using backend plain store
