QA output created by 095
using backend plain store
