QA output created by 107
using backend plain store
Invalid interval max (0), interval (1)
max (0), interval (0)
Invalid interval (-1)
max (0), interval (0)
Invalid interval (-2)
max (0), interval (0)
Invalid interval max (1), interval (0)
max (0), interval (0)
Invalid interval (-1)
max (0), interval (0)
Invalid interval (-2)
max (0), interval (0)
Invalid max (-1)
max (0), interval (0)
Invalid max (-1)
max (0), interval (0)
Invalid max (-1)
max (0), interval (0)
Invalid max (-1)
max (0), interval (0)
Invalid max (-2)
max (0), interval (0)
Invalid max (-2)
max (0), interval (0)
Invalid max (-2)
max (0), interval (0)
Invalid max (-2)
max (0), interval (0)
Invalid interval (9223372036854775808)
max (0), interval (0)
Invalid max (4294967296)
max (0), interval (0)
Invalid max (4294967296)
max (0), interval (0)
max (0), interval (0)
max (1), interval (1)
max (4294967295), interval (9223372036854775807)
