QA output created by 114
using backend plain store
Id	Size	Used	Avail	Use%	Path
 0	229 MB	0.0 MB	229 MB	  0%	STORE/1
STORE/1/0070839000000000 4194304 4194304
STORE/1/0070839000000001 4194304 4194304
STORE/1/0070854300000000 4194304 4194304
STORE/1/0070854300000001 4194304 4194304
STORE/1/0070912800000000 4194304 4194304
STORE/1/0070912800000001 4194304 4194304
STORE/1/007092db00000000 4194304 4194304
STORE/1/007092db00000001 4194304 4194304
STORE/1/0070948e00000000 4194304 4194304
STORE/1/0070948e00000001 4194304 4194304
STORE/1/0070964100000000 4194304 4194304
STORE/1/0070964100000001 4194304 4194304
STORE/1/007097f400000000 4194304 4194304
STORE/1/007097f400000001 4194304 4194304
STORE/1/007099a700000000 4194304 4194304
STORE/1/007099a700000001 4194304 4194304
STORE/1/00709b5a00000000 4194304 4194304
STORE/1/00709b5a00000001 4194304 4194304
STORE/1/00709d0d00000000 4194304 4194304
STORE/1/00709d0d00000001 4194304 4194304
STORE/1/8070839000000000 6144 12587576
STORE/1/8070854300000000 6144 12587576
STORE/1/8070912800000000 6144 12587576
STORE/1/807092db00000000 6144 12587576
STORE/1/8070948e00000000 6144 12587576
STORE/1/8070964100000000 6144 12587576
STORE/1/807097f400000000 6144 12587576
STORE/1/807099a700000000 6144 12587576
STORE/1/80709b5a00000000 6144 12587576
STORE/1/80709d0d00000000 6144 12587576
Id	Size	Used	Avail	Use%	Path
 0	229 MB	76 MB	153 MB	 33%	STORE/1
 1	229 MB	4.0 MB	225 MB	  1%	STORE/2
STORE/1/0070839000000000 4194304 4194304
STORE/1/0070839000000001 4194304 4194304
STORE/1/0070854300000000 4194304 4194304
STORE/1/0070854300000001 4194304 4194304
STORE/1/0070912800000000 4194304 4194304
STORE/1/0070912800000001 4194304 4194304
STORE/1/007092db00000000 4194304 4194304
STORE/1/007092db00000001 4194304 4194304
STORE/1/0070948e00000000 4194304 4194304
STORE/1/0070948e00000001 4194304 4194304
STORE/1/0070964100000000 4194304 4194304
STORE/1/0070964100000001 4194304 4194304
STORE/1/007097f400000000 4194304 4194304
STORE/1/007097f400000001 4194304 4194304
STORE/1/007099a700000000 4194304 4194304
STORE/1/007099a700000001 4194304 4194304
STORE/1/00709b5a00000001 4194304 4194304
STORE/1/00709d0d00000000 4194304 4194304
STORE/1/00709d0d00000001 4194304 4194304
STORE/1/8070839000000000 6144 12587576
STORE/1/8070854300000000 6144 12587576
STORE/1/8070912800000000 6144 12587576
STORE/1/807092db00000000 6144 12587576
STORE/1/8070964100000000 6144 12587576
STORE/1/807097f400000000 6144 12587576
STORE/1/807099a700000000 6144 12587576
STORE/1/80709b5a00000000 6144 12587576
STORE/1/80709d0d00000000 6144 12587576
STORE/2/00709b5a00000000 4194304 4194304
STORE/2/8070948e00000000 8192 12587576
