QA output created by 118
using backend plain store
using backend plain store
using backend plain store
using backend plain store
using backend plain store
